{
    "DEMO_diamond - stub": {
        "content": [
            {
                "0": [
                    [
                        
                    ]
                ],
                "1": [
                    "versions.yml:md5,9701558bc32dc67749aad70c9a67960f"
                ],
                "uniref_db": [
                    [
                        
                    ]
                ],
                "versions": [
                    "versions.yml:md5,9701558bc32dc67749aad70c9a67960f"
                ]
            }
        ],
        "meta": {
            "nf-test": "0.8.4",
            "nextflow": "23.10.1"
        },
        "timestamp": "2024-04-19T07:18:00.282790577"
    },
    " uniref_db_version = 'DEMO_diamond' ": {
        "content": [
            {
                "0": [
                    [
                        [
                            "uniref90_demo_prots_v201901b.dmnd:md5,1d2f8df48a349d72436425aafa29a6b1"
                        ]
                    ]
                ],
                "1": [
                    "versions.yml:md5,9701558bc32dc67749aad70c9a67960f"
                ],
                "uniref_db_dir": [
                    [
                        [
                            "uniref90_demo_prots_v201901b.dmnd:md5,1d2f8df48a349d72436425aafa29a6b1"
                        ]
                    ]
                ],
                "versions": [
                    "versions.yml:md5,9701558bc32dc67749aad70c9a67960f"
                ]
            }
        ],
        "meta": {
            "nf-test": "0.8.4",
            "nextflow": "23.10.1"
        },
        "timestamp": "2024-04-16T22:16:17.30000799"
    },
    " uniref_db_version = 'DEMO_diamond' -stub ": {
        "content": [
            {
                "0": [
                    [
                        [
                            "uniref90_demo_prots_v201901b.dmnd:md5,1d2f8df48a349d72436425aafa29a6b1"
                        ]
                    ]
                ],
                "1": [
                    "versions.yml:md5,9701558bc32dc67749aad70c9a67960f"
                ],
                "uniref_db_dir": [
                    [
                        [
                            "uniref90_demo_prots_v201901b.dmnd:md5,1d2f8df48a349d72436425aafa29a6b1"
                        ]
                    ]
                ],
                "versions": [
                    "versions.yml:md5,9701558bc32dc67749aad70c9a67960f"
                ]
            }
        ],
        "meta": {
            "nf-test": "0.8.4",
            "nextflow": "23.10.1"
        },
        "timestamp": "2024-04-19T06:52:25.644936033"
    },
    "DEMO_diamond": {
        "content": [
            {
                "0": [
                    [
                        "uniref90_demo_prots_v201901b.dmnd:md5,1d2f8df48a349d72436425aafa29a6b1"
                    ]
                ],
                "1": [
                    "versions.yml:md5,9701558bc32dc67749aad70c9a67960f"
                ],
                "uniref_db": [
                    [
                        "uniref90_demo_prots_v201901b.dmnd:md5,1d2f8df48a349d72436425aafa29a6b1"
                    ]
                ],
                "versions": [
                    "versions.yml:md5,9701558bc32dc67749aad70c9a67960f"
                ]
            }
        ],
        "meta": {
            "nf-test": "0.8.4",
            "nextflow": "23.10.1"
        },
        "timestamp": "2024-04-19T07:17:50.675259388"
    }
}