{
    "sarscov2 - bam - single_end": {
        "content": [
            {
                "0": [
                    "versions.yml:md5,04742bba70be376650ba178479f2e12b",
                    "versions.yml:md5,19d30a3fd738615cb6cd7fc82def39b1",
                    "versions.yml:md5,a59b3c6782412491809d11b0cefa740e"
                ],
                "1": [
                    [
                        {
                            "id": "test1",
                            "single_end": false
                        },
                        "test1.log:md5,9f3352506cbe198be7a783736aed721c"
                    ]
                ],
                "humann_log": [
                    [
                        {
                            "id": "test1",
                            "single_end": false
                        },
                        "test1.log:md5,9f3352506cbe198be7a783736aed721c"
                    ]
                ],
                "versions": [
                    "versions.yml:md5,04742bba70be376650ba178479f2e12b",
                    "versions.yml:md5,19d30a3fd738615cb6cd7fc82def39b1",
                    "versions.yml:md5,a59b3c6782412491809d11b0cefa740e"
                ]
            }
        ],
        "meta": {
            "nf-test": "0.8.4",
            "nextflow": "24.04.2"
        },
        "timestamp": "2024-07-01T06:43:12.821478421"
    }
}